Diagnose log at 2026-10-06T06:05:54Z

AppPath: C:\Program Files\Git\ucrt64\bin\git-credential-manager.exe
InstallDir: C:\Program Files\Git\ucrt64\bin\
Version: 2.9.1+6760f0ef069c994aa2bb1d703fb374986ee82a3e

------------
Diagnostic: Environment
Skipped: False
Success: True
Exception: None
Log:
OSType: Windows
OSVersion: 10.0 (build 19045)
Reading environment variables... OK
 Variables:
SystemDrive=C:
ProgramFiles(x86)=C:\Program Files (x86)
MSYSTEM=UCRT64
ProgramW6432=C:\Program Files
ChocolateyInstall=C:\ProgramData\chocolatey
PROCESSOR_IDENTIFIER=Intel64 Family 6 Model 78 Stepping 3, GenuineIntel
TMP=C:\Users\nkuna\AppData\Local\Temp
LOCAL_GIT_DIRECTORY=C:\Users\nkuna\AppData\Local\GitHubDesktop\app-3.6.6\resources\app\git
Path=C:/Program Files/Git/ucrt64/libexec/git-core;C:\Program Files\Git\ucrt64\bin;C:\Program Files\Git\usr\bin;C:\Users\nkuna\bin;C:\WINDOWS\system32;C:\WINDOWS;C:\WINDOWS\System32\Wbem;C:\WINDOWS\System32\WindowsPowerShell\v1.0\;C:\WINDOWS\System32\OpenSSH\;C:\Program Files\Amazon\AWSCLIV2\;C:\Program Files\dotnet\;C:\Program Files\Intel\WiFi\bin\;C:\Program Files\Common Files\Intel\WirelessCommon\;C:\Program Files (x86)\Intel\Intel(R) Management Engine Components\DAL;C:\Program Files\Intel\Intel(R) Management Engine Components\DAL;C:\Program Files\nodejs\;C:\ProgramData\chocolatey\bin;C:\Program Files\Git\cmd;C:\Users\nkuna\AppData\Local\Programs\Python\Python314\Scripts\;C:\Users\nkuna\AppData\Local\Programs\Python\Python314\;C:\Users\nkuna\AppData\Local\Microsoft\WindowsApps;C:\Program Files (x86)\Nmap;C:\Users\nkuna\AppData\Local\Programs\Microsoft VS Code\bin;C:\Users\nkuna\AppData\Roaming\npm;C:\Users\nkuna\AppData\Local\Programs\DockerDesktop\resources\bin;C:\Users\nkuna\AppData\Local\GitHubDesktop\bin
PROCESSOR_REVISION=4e03
ChocolateyLastPathUpdate=134211950018295561
USERPROFILE=C:\Users\nkuna
LOGONSERVER=\\DESKTOP-Q16NPKG
TEMP=C:\Users\nkuna\AppData\Local\Temp
USERNAME=nkuna
SystemRoot=C:\WINDOWS
GIT_EXEC_PATH=C:/Program Files/Git/ucrt64/libexec/git-core
PLINK_PROTOCOL=ssh
OneDrive=C:\Users\nkuna\OneDrive
PROCESSOR_ARCHITECTURE=AMD64
__PSLockDownPolicy=0
CommonProgramFiles=C:\Program Files\Common Files
ZES_ENABLE_SYSMAN=1
ProgramData=C:\ProgramData
LC_CTYPE=C.UTF-8
HOMEPATH=\Users\nkuna
OneDriveConsumer=C:\Users\nkuna\OneDrive
COMPUTERNAME=DESKTOP-Q16NPKG
ALLUSERSPROFILE=C:\ProgramData
CommonProgramW6432=C:\Program Files\Common Files
TERM=xterm-256color
SESSIONNAME=Console
DriverData=C:\Windows\System32\Drivers\DriverData
HOMEDRIVE=C:
windir=C:\WINDOWS
GIT_TRACE2_PARENT_SID=0c00a20a-324f-41cb-9e81-285c1774966e
NUMBER_OF_PROCESSORS=4
OS=Windows_NT
ProgramFiles=C:\Program Files
ComSpec=C:\WINDOWS\system32\cmd.exe
USERDOMAIN_ROAMINGPROFILE=DESKTOP-Q16NPKG
PATHEXT=.COM;.EXE;.BAT;.CMD;.VBS;.VBE;.JS;.JSE;.WSF;.WSH;.MSC
HOME=C:\Users\nkuna
PSModulePath=C:\Program Files\WindowsPowerShell\Modules;C:\WINDOWS\system32\WindowsPowerShell\v1.0\Modules
PROMPT=$P$G
TMPDIR=C:\Users\nkuna\AppData\Local\Temp
APPDATA=C:\Users\nkuna\AppData\Roaming
USERDOMAIN=DESKTOP-Q16NPKG
PROCESSOR_LEVEL=6
LOCALAPPDATA=C:\Users\nkuna\AppData\Local
CommonProgramFiles(x86)=C:\Program Files (x86)\Common Files
COLORTERM=truecolor
PUBLIC=C:\Users\Public


------------
Diagnostic: File system
Skipped: False
Success: True
Exception: None
Log:
Temporary directory is 'C:\Users\nkuna\AppData\Local\Temp\'...
Checking basic file I/O...
Writing to temporary file 'C:\Users\nkuna\AppData\Local\Temp\57e34e1fbf09a985daebaf86'... OK
Reading from temporary file 'C:\Users\nkuna\AppData\Local\Temp\57e34e1fbf09a985daebaf86'... OK
Deleting temporary file 'C:\Users\nkuna\AppData\Local\Temp\57e34e1fbf09a985daebaf86'... OK
Testing IFileSystem instance...
UserHomePath: C:\Users\nkuna
UserDataDirectoryPath: C:\Users\nkuna\.gcm
GetCurrentDirectory(): C:\Users\nkuna\OneDrive\Documents\GitHub\cloud-security-technical-assessment

------------
Diagnostic: Networking
Skipped: False
Success: True
Exception: None
Log:
Checking networking and HTTP stack...
Creating HTTP client... OK
IsNetworkAvailable: True
Sending HEAD request to http://example.com... OK
Sending HEAD request to https://example.com... OK
Acquiring free TCP port... OK
Testing local HTTP loopback connections...
Creating new HTTP listener for http://localhost:50460/... OK
Waiting for loopback connection... OK
Writing response... OK
Waiting for response data... OK
Loopback connection data OK

------------
Diagnostic: Git
Skipped: False
Success: True
Exception: None
Log:
Getting Git version... OK
Git version is '2.56.0.windows.1'
Locating current repository...Git repository at 'C:/Users/nkuna/OneDrive/Documents/GitHub/cloud-security-technical-assessment/.git'
 OK
Listing all Git configuration... OK
Git configuration:
file:C:/Program Files/Git/etc/gitconfig	diff.astextplain.textconv=astextplain
file:C:/Program Files/Git/etc/gitconfig	filter.lfs.clean=git-lfs clean -- %f
file:C:/Program Files/Git/etc/gitconfig	filter.lfs.smudge=git-lfs smudge -- %f
file:C:/Program Files/Git/etc/gitconfig	filter.lfs.process=git-lfs filter-process
file:C:/Program Files/Git/etc/gitconfig	filter.lfs.required=true
file:C:/Program Files/Git/etc/gitconfig	http.sslbackend=openssl
file:C:/Program Files/Git/etc/gitconfig	http.sslcainfo=C:/Program Files/Git/ucrt64/etc/ssl/certs/ca-bundle.crt
file:C:/Program Files/Git/etc/gitconfig	core.autocrlf=true
file:C:/Program Files/Git/etc/gitconfig	core.fscache=true
file:C:/Program Files/Git/etc/gitconfig	core.symlinks=false
file:C:/Program Files/Git/etc/gitconfig	pull.rebase=false
file:C:/Program Files/Git/etc/gitconfig	credential.helper=manager
file:C:/Program Files/Git/etc/gitconfig	credential.https://dev.azure.com.usehttppath=true
file:C:/Program Files/Git/etc/gitconfig	init.defaultbranch=master
file:C:/Users/nkuna/.gitconfig	filter.lfs.clean=git-lfs clean -- %f
file:C:/Users/nkuna/.gitconfig	filter.lfs.smudge=git-lfs smudge -- %f
file:C:/Users/nkuna/.gitconfig	filter.lfs.process=git-lfs filter-process
file:C:/Users/nkuna/.gitconfig	filter.lfs.required=true
file:C:/Users/nkuna/.gitconfig	user.name=nkunra
file:C:/Users/nkuna/.gitconfig	user.email=rabina.nkuna@outlook.com
file:.git/config	core.repositoryformatversion=0
file:.git/config	core.filemode=false
file:.git/config	core.bare=false
file:.git/config	core.logallrefupdates=true
file:.git/config	core.symlinks=false
file:.git/config	core.ignorecase=true
file:.git/config	submodule.active=.
file:.git/config	remote.origin.url=https://github.com/nkunra/cloud-security-technical-assessment.git
file:.git/config	remote.origin.fetch=+refs/heads/*:refs/remotes/origin/*
file:.git/config	branch.main.remote=origin
file:.git/config	branch.main.merge=refs/heads/main
file:.git/config	lfs.repositoryformatversion=0
file:.git/config	user.name=nkunra
file:.git/config	user.email=rabina.nkuna@outlook.com


------------
Diagnostic: Credential storage
Skipped: False
Success: True
Exception: None
Log:
ICredentialStore instance is of type: CredentialStore
Writing test credential... OK
Reading test credential... OK
Deleting test credential... OK

------------
Diagnostic: Microsoft authentication (AAD/MSA)
Skipped: False
Success: True
Exception: None
Log:
Broker is not enabled.
Gathering MSAL token cache data... OK
CacheDirectory: C:\Users\nkuna\AppData\Local\.IdentityService
CacheFileName: msal.cache
CacheFilePath: C:\Users\nkuna\AppData\Local\.IdentityService\msal.cache
Creating cache helper... OK
Verifying MSAL token cache persistence... OK

------------
Diagnostic: GitHub API
Skipped: False
Success: True
Exception: None
Log:
Using 'https://github.com/' as API target.
Querying '/meta' endpoint... OK

